{
    "Should run without a tuning file": {
        "content": [
            {
                "0": [
                    
                ],
                "1": [
                    
                ],
                "2": [
                    
                ],
                "3": [
                    
                ],
                "4": [
                    
                ],
                "5": [
                    
                ],
                "eval": [
                    
                ],
                "td": [
                    
                ],
                "td_plot": [
                    
                ],
                "transcripts": [
                    
                ],
                "transcripts_bed": [
                    
                ],
                "versions": [
                    
                ]
            }
        ],
        "meta": {
            "nf-test": "0.8.4",
            "nextflow": "23.10.1"
        },
        "timestamp": "2024-02-15T14:32:57.420907346"
    }
}