{
    "Should run without a tuning file": {
        "content": [
            {
                "0": [
                    
                ],
                "1": [
                    
                ],
                "tuning": [
                    
                ],
                "versions": [
                    
                ]
            }
        ],
        "meta": {
            "nf-test": "0.8.4",
            "nextflow": "23.10.1"
        },
        "timestamp": "2024-02-15T14:31:18.914612057"
    }
}