{
    "Should run with bowtie2 (default)": {
        "content": [
            126
        ],
        "meta": {
            "nf-test": "0.8.4",
            "nextflow": "23.10.1"
        },
        "timestamp": "2024-03-05T16:05:54.646114124"
    }
}