{
    "Should run without a tuning file": {
        "content": [
            {
                "versions": [],
                "tuning": []
            }
        ],
        "timestamp": "2023-01-19T20:49:45+0000"
    }
}
