{
    "Should run without a tuning file": {
        "content": [
            {
                "transcripts_bed": [],
                "td": [],
                "eval": [],
                "transcripts": [],
                "versions": [],
                "td_plot": []
            }
        ],
        "timestamp": "2023-01-19T20:57:35+0000"
    }
}
