{
    "Should run with bowtie2 (default)": {
        "content": [
            127
        ],
        "meta": {
            "nf-test": "0.8.4",
            "nextflow": "23.10.1"
        },
        "timestamp": "2024-02-15T09:57:57.950183345"
    }
}